/Users/mac/.zshrc:1: no such file or directory: /opt/homebrew/bin/brew
mac@makkunoMacBook-Air git_tutorial % cd /Users/mac/Desktop/git_challenge
mac@makkunoMacBook-Air git_challenge % git init                                                
Initialized empty Git repository in /Users/mac/Desktop/git_challenge/.git/
mac@makkunoMacBook-Air git_challenge % git add hello_world.txt
mac@makkunoMacBook-Air git_challenge % git commit -m "add hello_world.txt"           
[main (root-commit) 50510c5] add hello_world.txt
 1 file changed, 1 insertion(+)
 create mode 100644 hello_world.txt
mac@makkunoMacBook-Air git_challenge % git status
On branch main
Untracked files:
  (use "git add <file>..." to include in what will be committed)
        .DS_Store

nothing added to commit but untracked files present (use "git add" to track)
mac@makkunoMacBook-Air git_challenge % git commit -m "change contents in the file"   
On branch main
Changes not staged for commit:
  (use "git add <file>..." to update what will be committed)
  (use "git restore <file>..." to discard changes in working directory)
        modified:   hello_world.txt

Untracked files:
  (use "git add <file>..." to include in what will be committed)
        .DS_Store

no changes added to commit (use "git add" and/or "git commit -a")
mac@makkunoMacBook-Air git_challenge % git log --oneline
50510c5 (HEAD -> main) add hello_world.txt
mac@makkunoMacBook-Air git_challenge % git add hello_world.txt
mac@makkunoMacBook-Air git_challenge % git commit -m "change contents"               
[main 240143a] change contents
 1 file changed, 2 insertions(+), 1 deletion(-)
mac@makkunoMacBook-Air git_challenge % git log --oneline
240143a (HEAD -> main) change contents
50510c5 add hello_world.txt
mac@makkunoMacBook-Air git_challenge % 